// Jest Snapshot v1, https://goo.gl/fbAQLP

exports[`EditArticlePage component should match snapshot 1`] = `ShallowWrapper {}`;
