// Jest Snapshot v1, https://goo.gl/fbAQLP

exports[`<FollowCard /> should render user follow card 1`] = `ShallowWrapper {}`;
