// Jest Snapshot v1, https://goo.gl/fbAQLP

exports[`<ArticleCard /> should render bookmark component 1`] = `ShallowWrapper {}`;
