// Jest Snapshot v1, https://goo.gl/fbAQLP

exports[`ForgotPssword component should match snapshot 1`] = `<ForgotPassword />`;
