// Jest Snapshot v1, https://goo.gl/fbAQLP

exports[`NewArticle button component should match snapshot 1`] = `
<Provider
  store={
    Object {
      "clearActions": [Function],
      "dispatch": [Function],
      "getActions": [Function],
      "getState": [Function],
      "replaceReducer": [Function],
      "subscribe": [Function],
    }
  }
>
  <BlockStyleToolbar
    editorState="article"
    onToggle={[MockFunction]}
  />
</Provider>
`;
